[Bootstrap]
SetupTitle=Instalar
SetupText=Copiando archivos, espere.
CabFile=SFE.CAB
Spawn=Setup1.exe
Uninstal=st6unst.exe
TmpDir=msftqws.pdw
Cabs=1

[Bootstrap Files]
File1=@VB6STKIT.DLL,$(WinSysPathSysFile),,,7/15/00 12:00:00 AM,101888,6.0.84.50
File2=@COMCAT.DLL,$(WinSysPathSysFile),$(DLLSelfRegister),,6/1/98 12:00:00 AM,22288,4.71.1460.1
File3=@VB6ES.DLL,$(WinSysPath),,$(Shared),10/2/00 12:00:00 AM,119568,6.0.89.88
File4=@STDOLE2.TLB,$(WinSysPathSysFile),$(TLBRegister),,6/3/99 12:00:00 AM,17920,2.40.4275.1
File5=@ASYCFILT.DLL,$(WinSysPathSysFile),,,3/8/99 12:00:00 AM,147728,2.40.4275.1
File6=@OLEPRO32.DLL,$(WinSysPathSysFile),$(DLLSelfRegister),,3/8/99 12:00:00 AM,164112,5.0.4275.1
File7=@OLEAUT32.DLL,$(WinSysPathSysFile),$(DLLSelfRegister),,4/12/00 12:00:00 AM,598288,2.40.4275.1
File8=@msvbvm60.dll,$(WinSysPathSysFile),$(DLLSelfRegister),,12/8/20 7:20:10 PM,1436032,6.0.98.48

[IconGroups]
Group0=Servidor de Factura Electrónica AFIP
PrivateGroup0=0
Parent0=$(Programs)

[Servidor de Factura Electrónica AFIP]
Icon1="SFE.exe"
Title1=SFE-AFIP
StartIn1=$(AppPath)

[Setup]
Title=Servidor de Factura Electrónica AFIP
DefaultDir=$(ProgramFiles)\Servidor de Factura Electrónica AFIP
AppExe=SFE.exe
AppToUninstall=SFE.exe

[Setup1 Files]
File1=@QRCode.exe,$(WinSysPath),,$(Shared),8/30/13 10:16:04 PM,242688,0.0.0.0
File2=@REGTOOL5.DLL,$(WinSysPath),$(DLLSelfRegister),$(Shared),6/18/98 12:00:00 AM,32768,6.0.0.8169
File3=@certmgr.exe,$(WinSysPath),,,5/11/16 9:04:55 PM,70992,6.1.7600.16385
File4=@verificar_certificado.bat,$(AppPath),,,4/6/11 6:44:03 PM,527,0.0.0.0
File5=@TABLAS GENERALES V.0.1  26012011.xls,$(AppPath),,,3/19/15 5:10:32 PM,161280,0.0.0.0
File6=@afip-openssl.cnf,$(AppPath),,,2/15/17 8:24:27 PM,9977,0.0.0.0
File7=@generar_certificado.bat,$(AppPath),,,2/15/17 8:54:02 PM,261,0.0.0.0
File8=@Medidas.txt,$(AppPath),,,2/24/11 7:10:26 PM,893,0.0.0.0
File9=@Comprobantes.txt,$(AppPath),,,11/8/20 8:48:33 PM,1284,0.0.0.0
File10=@Motivos.txt,$(AppPath),,,2/17/11 8:49:22 PM,1741,0.0.0.0
File11=@SFE.pdf,$(AppPath),,,5/25/21 1:10:49 PM,1078746,0.0.0.0
File12=@TABCTES.DLL,$(WinSysPath),,$(Shared),7/28/98 12:00:00 AM,21504,6.0.81.63
File13=@TABCTL32.OCX,$(WinSysPath),$(DLLSelfRegister),$(Shared),3/9/04 12:00:00 AM,221504,6.1.98.16
File14=@CMDLGES.DLL,$(WinSysPath),,$(Shared),7/28/98 12:00:00 AM,33280,6.0.81.63
File15=@COMDLG32.OCX,$(WinSysPath),$(DLLSelfRegister),$(Shared),3/9/04 12:00:00 AM,155984,6.1.98.16
File16=@MSMPIES.DLL,$(WinSysPath),,$(Shared),7/28/98 12:00:00 AM,23040,6.0.81.63
File17=@msmapi32.Ocx,$(WinSysPath),$(DLLSelfRegister),$(Shared),3/24/09 12:52:32 PM,151376,6.1.98.16
File18=@MSCMCES.DLL,$(WinSysPath),,$(Shared),7/28/98 12:00:00 AM,140800,6.0.81.63
File19=@MSCOMCTL.OCX,$(WinSysPath),$(DLLSelfRegister),$(Shared),12/9/15 7:58:16 PM,1070232,6.1.98.46
File20=@SCRRNES.DLL,$(WinSysPath),,$(Shared),7/15/00 12:00:00 AM,16984,5.0.0.3715
File21=@MSVCRT.DLL,$(WinSysPathSysFile),,,2/17/04 12:00:00 AM,278581,6.0.9782.0
File22=@scrrun.dll,$(WinSysPath),$(DLLSelfRegister),$(Shared),8/8/20 5:06:40 AM,185856,5.812.10240.16384
File23=@wshom.ocx,$(WinSysPath),$(DLLSelfRegister),$(Shared),12/7/19 3:07:35 AM,122880,5.812.10240.16384
File24=@BWActivate.dll,$(WinSysPath),$(DLLSelfRegister),$(Shared),2/16/21 8:37:01 PM,45056,1.0.0.2
File25=@cdosys.dll,$(WinSysPath),$(DLLSelfRegister),$(Shared),1/13/21 12:26:25 PM,832512,6.6.19041.746
File26=@FreeImage.dll,$(WinSysPath),,$(Shared),7/31/18 3:18:12 PM,6018560,3.18.0.0
File27=@msimg32.dll,$(WinSysPath),,$(Shared),10/29/20 12:24:09 PM,7168,6.2.19041.546
File28=@psapi.dll,$(WinSysPath),,$(Shared),10/29/20 12:24:01 PM,17016,6.2.19041.546
File29=@wininet.dll,$(WinSysPath),$(DLLSelfRegister),$(Shared),3/9/21 6:51:41 PM,4534784,11.0.19041.844
File30=@SFE.exe,$(AppPath),,,5/25/21 1:11:40 PM,475136,1.2.0.2

; Puede eliminar las siguientes líneas para obtener espacio adicional 
; con el fin de personalizar este archivo en un disco de instalación completa.
; 
; XXXXXXXXXXXXXXXXXXXXXXXXXXXXXXXXXXXXXXXXXXXXXXXXXXXXXXXXXXXX
; XXXXXXXXXXXXXXXXXXXXXXXXXXXXXXXXXXXXXXXXXXXXXXXXXXXXXXXXXXXX
; XXXXXXXXXXXXXXXXXXXXXXXXXXXXXXXXXXXXXXXXXXXXXXXXXXXXXXXXXXXX
; XXXXXXXXXXXXXXXXXXXXXXXXXXXXXXXXXXXXXXXXXXXXXXXXXXXXXXXXXXXX
; XXXXXXXXXXXXXXXXXXXXXXXXXXXXXXXXXXXXXXXXXXXXXXXXXXXXXXXXXXXX
; XXXXXXXXXXXXXXXXXXXXXXXXXXXXXXXXXXXXXXXXXXXXXXXXXXXXXXXXXXXX
; XXXXXXXXXXXXXXXXXXXXXXXXXXXXXXXXXXXXXXXXXXXXXXXXXXXXXXXXXXXX
; XXXXXXXXXXXXXXXXXXXXXXXXXXXXXXXXXXXXXXXXXXXXXXXXXXXXXXXXXXXX
; XXXXXXXXXXXXXXXXXXXXXXXXXXXXXXXXXXXXXXXXXXXXXXXXXXXXXXXXXXXX
; XXXXXXXXXXXXXXXXXXXXXXXXXXXXXXXXXXXXXXXXXXXXXXXXXXXXXXXXXXXX
; XXXXXXXXXXXXXXXXXXXXXXXXXXXXXXXXXXXXXXXXXXXXXXXXXXXXXXXXXXXX
; XXXXXXXXXXXXXXXXXXXXXXXXXXXXXXXXXXXXXXXXXXXXXXXXXXXXXXXXXXXX
; XXXXXXXXXXXXXXXXXXXXXXXXXXXXXXXXXXXXXXXXXXXXXXXXXXXXXXXXXXXX
; XXXXXXXXXXXXXXXXXXXXXXXXXXXXXXXXXXXXXXXXXXXXXXXXXXXXXXXXXXXX
; XXXXXXXXXXXXXXXXXXXXXXXXXXXXXXXXXXXXXXXXXXXXXXXXXXXXXXXXXXXX
; XXXXXXXXXXXXXXXXXXXXXXXXXXXXXXXXXXXXXXXXXXXXXXXXXXXXXXXXXXXX
; XXXXXXXXXXXXXXXXXXXXXXXXXXXXXXXXXXXXXXXXXXXXXXXXXXXXXXXXXXXX
; XXXXXXXXXXXXXXXXXXXXXXXXXXXXXXXXXXXXXXXXXXXXXXXXXXXXXXXXXXXX
; XXXXXXXXXXXXXXXXXXXXXXXXXXXXXXXXXXXXXXXXXXXXXXXXXXXXXXXXXXXX
; XXXXXXXXXXXXXXXXXXXXXXXXXXXXXXXXXXXXXXXXXXXXXXXXXXXXXXXXXXXX
; XXXXXXXXXXXXXXXXXXXXXXXXXXXXXXXXXXXXXXXXXXXXXXXXXXXXXXXXXXXX
; XXXXXXXXXXXXXXXXXXXXXXXXXXXXXXXXXXXXXXXXXXXXXXXXXXXXXXXXXXXX
; XXXXXXXXXXXXXXXXXXXXXXXXXXXXXXXXXXXXXXXXXXXXXXXXXXXXXXXXXXXX
; XXXXXXXXXXXXXXXXXXXXXXXXXXXXXXXXXXXXXXXXXXXXXXXXXXXXXXXXXXXX
; XXXXXXXXXXXXXXXXXXXXXXXXXXXXXXXXXXXXXXXXXXXXXXXXXXXXXXXXXXXX
; XXXXXXXXXXXXXXXXXXXXXXXXXXXXXXXXXXXXXXXXXXXXXXXXXXXXXXXXXXXX
; XXXXXXXXXXXXXXXXXXXXXXXXXXXXXXXXXXXXXXXXXXXXXXXXXXXXXXXXXXXX
; XXXXXXXXXXXXXXXXXXXXXXXXXXXXXXXXXXXXXXXXXXXXXXXXXXXXXXXXXXXX
; XXXXXXXXXXXXXXXXXXXXXXXXXXXXXXXXXXXXXXXXXXXXXXXXXXXXXXXXXXXX
; XXXXXXXXXXXXXXXXXXXXXXXXXXXXXXXXXXXXXXXXXXXXXXXXXXXXXXXXXXXX
; XXXXXXXXXXXXXXXXXXXXXXXXXXXXXXXXXXXXXXXXXXXXXXXXXXXXXXXXXXXX
; XXXXXXXXXXXXXXXXXXXXXXXXXXXXXXXXXXXXXXXXXXXXXXXXXXXXXXXXXXXX
; XXXXXXXXXXXXXXXXXXXXXXXXXXXXXXXXXXXXXXXXXXXXXXXXXXXXXXXXXXXX
; XXXXXXXXXXXXXXXXXXXXXXXXXXXXXXXXXXXXXXXXXXXXXXXXXXXXXXXXXXXX
; XXXXXXXXXXXXXXXXXXXXXXXXXXXXXXXXXXXXXXXXXXXXXXXXXXXXXXXXXXXX
